$extmap:y_
$hash:nba
$jscomp$symbol$id_:pla
$meta:P_
AMPMS:Toa
Buffer:Kha
CONSECUTIVE_FAILURES:aja
CursorDirection:Uoa
DATEFORMATS:Voa
DATETIMEFORMATS:Woa
ERANAMES:Xoa
ERAS:Yoa
ESC:Zoa
FIRSTDAYOFWEEK:qla
FIRSTWEEKCUTOFFDAY:rla
GrowType:$oa
INIT_ERROR:sla
MONTHS:apa
ModuleLoadFailure:$ca
NARROWMONTHS:bpa
NARROWWEEKDAYS:cpa
OLD_CODE_GONE:bja
QUARTERS:dpa
RawAlignContent:tla
RawAlignItems:ula
RawAlignSelf:vla
RawBlendMode:wla
RawBlurType:xla
RawBoolType:yla
RawConstraintH:zla
RawConstraintV:Ala
RawFillData:Bla
RawFillRule:Cla
RawFlexDirection:Dla
RawFontStyle:Ela
RawGridDirection:Fla
RawGridTrackType:Gla
RawGrowType:Hla
RawJustifyContent:Ila
RawJustifyItems:Jla
RawJustifySelf:Kla
RawSegmentData:Lla
RawShadowStyle:Mla
RawShapeType:Nla
RawSizing:Ola
RawStrokeCap:Pla
RawStrokeLineCap:Qla
RawStrokeLineJoin:Rla
RawStrokeStyle:Sla
RawTextAlign:Tla
RawTextDecoration:Ula
RawTextDirection:Vla
RawTextTransform:Wla
RawTransformEntryKind:Xla
RawVerticalAlign:Yla
RawWrapType:Zla
SHORTMONTHS:epa
SHORTQUARTERS:fpa
SHORTWEEKDAYS:gpa
STANDALONEMONTHS:hpa
STANDALONENARROWMONTHS:ipa
STANDALONENARROWWEEKDAYS:jpa
STANDALONESHORTMONTHS:kpa
STANDALONESHORTWEEKDAYS:lpa
STANDALONEWEEKDAYS:mpa
TIMEFORMATS:npa
Type:ada
UNAUTHORIZED:cja
WEEKDAYS:opa
WEEKENDRANGE:ppa
WeakValueMap:Ufa
_:kea
_QMARK_children:$la
_QMARK_registries:ama
_QMARK_schema:bma
_QMARK_transformers:cma
__GT_chain:dma
__GT_checker:Pba
__GT_data:ema
__GT_eval:Vfa
__GT_parser:Qba
__extmap:e_
__hash:m_
__meta:n_
_currentIndex:B_
_endIndex:Aba
_entries:paa
_keys:lea
_map:uda
_marshaller:Sea
_meta:rca
_name:Jaa
_prevCommand:mea
_registry:dja
_rest:Lha
_seq:Tea
_string:haa
accesses:eja
active_:vda
active_themes:Bba
actualEventTarget_:fma
addLoadModule_:gma
add_left:fja
add_right:gja
afn:J_
allow_invalid_refs:hma
always:Wfa
app$common$types$fills$impl$IBinaryFills$_get_image_ids$arity$1:ima
app$common$types$fills$impl$IHeapWritable$_get_byte_size$arity$1:hja
app$common$types$fills$impl$IHeapWritable$_write_to$arity$3:ija
app$common$types$objects_map$IObjectsMap$_hash_for_key$arity$2:jja
app$common$types$objects_map$IObjectsMap$get_data$arity$1:kja
app$common$types$path$impl$IPathData$_get_byte_size$arity$1:jma
app$common$types$path$impl$IPathData$_write_to$arity$3:lja
app$common$types$path$impl$ITransformable$_transform$arity$2:mja
app$common$types$shape$IShape$:kma
app$common$types$tokens_lib$INamedItem$get_id$arity$1:Mha
app$common$types$tokens_lib$INamedItem$get_name$arity$1:Nha
app$common$types$tokens_lib$INamedItem$rename$arity$2:Uea
app$common$types$tokens_lib$ITokenSet$add_token_$arity$2:nja
app$common$types$tokens_lib$ITokenSet$delete_token_$arity$2:oja
app$common$types$tokens_lib$ITokenSet$get_token_$arity$2:Xfa
app$common$types$tokens_lib$ITokenSet$get_tokens_$arity$1:lma
app$common$types$tokens_lib$ITokenSet$update_token_$arity$3:pja
app$common$types$tokens_lib$ITokenSets$add_set$arity$2:qja
app$common$types$tokens_lib$ITokenSets$delete_set$arity$2:rja
app$common$types$tokens_lib$ITokenSets$get_set$arity$2:Vea
app$common$types$tokens_lib$ITokenSets$get_set_tree$arity$1:mma
app$common$types$tokens_lib$ITokenSets$move_set$arity$5:sja
app$common$types$tokens_lib$ITokenSets$move_set_group$arity$5:tja
app$common$types$tokens_lib$ITokenSets$rename_set_group$arity$3:uja
app$common$types$tokens_lib$ITokenSets$update_set$arity$3:Wea
app$common$types$tokens_lib$ITokenTheme$hidden_theme_QMARK_$arity$1:vja
app$common$types$tokens_lib$ITokenThemes$activate_theme$arity$2:wja
app$common$types$tokens_lib$ITokenThemes$add_theme$arity$2:xja
app$common$types$tokens_lib$ITokenThemes$delete_theme$arity$2:yja
app$common$types$tokens_lib$ITokenThemes$get_active_theme_paths$arity$1:nma
app$common$types$tokens_lib$ITokenThemes$get_theme$arity$2:Hda
app$common$types$tokens_lib$ITokenThemes$get_theme_by_name$arity$3:zja
app$common$types$tokens_lib$ITokenThemes$get_theme_tree$arity$1:oma
app$common$types$tokens_lib$ITokenThemes$set_active_themes$arity$2:Aja
app$common$types$tokens_lib$ITokenThemes$update_theme$arity$3:Bja
app$common$types$tokens_lib$ITokensLib$add_token$arity$3:Cja
app$common$types$tokens_lib$ITokensLib$delete_token$arity$3:Dja
app$common$types$tokens_lib$ITokensLib$empty_lib_QMARK_$arity$1:Eja
app$common$types$tokens_lib$ITokensLib$get_active_themes_set_names$arity$1:Fja
app$common$types$tokens_lib$ITokensLib$get_token$arity$3:Gja
app$common$types$tokens_lib$ITokensLib$update_token$arity$4:Hja
app$common$types$tokens_lib$IValidation$valid_QMARK_$arity$1:Ija
app$util$http$IBodyData$_get_body_data$arity$1:Oha
app$util$http$IBodyData$_update_headers$arity$2:Pha
arcToBeziers:qpa
arr:i_
arrayBuilder:nea
ascending_QMARK_:Ida
backend:pma
backingMap:maa
balance_left:Jja
balance_right:Kja
base:Yfa
baseModuleInfo_:qma
base_count:Lja
batchModeEnabled_:Mja
beicon$v2$core$IDisposable$:Nja
beicon$v2$core$IDisposable$_dispose$arity$1:Zfa
bitmap:daa
blacken:bda
blocked_:Qha
blocking_:rma
bounded:Xea
branches_:Rha
bucket:Jda
bucketIdx:wda
buf:Kda
buf_len:Sha
buf_pos:zca
buffer_:xda
cacheSize:sma
cached:Lda
cachedOptions_:Oja
cached_hierarchy:$fa
callOnce:aga
callbackEntriesTail_:oea
callbackEntries_:yda
callbackMap_:bga
capped:Yea
center:Cba
chain:Pja
chain_SINGLEQUOTE_:Qja
childs:pea
chunk:W_
chunk_next:Zea
class_QMARK_:$ea
cleanupWhenDone:rpa
cljs$core$APersistentVector$:Tha
cljs$core$Fn$:Rja
cljs$core$IAssociative$:Sja
cljs$core$IAssociative$_assoc$arity$3:H_
cljs$core$IAssociative$_contains_key_QMARK_$arity$2:eaa
cljs$core$IChunk$_drop_first$arity$1:Uha
cljs$core$IChunkedNext$_chunked_next$arity$1:cga
cljs$core$IChunkedSeq$:spa
cljs$core$IChunkedSeq$_chunked_first$arity$1:afa
cljs$core$IChunkedSeq$_chunked_rest$arity$1:zda
cljs$core$ICloneable$_clone$arity$1:X_
cljs$core$ICollection$:tpa
cljs$core$ICollection$_conj$arity$2:M_
cljs$core$IComparable$:Sca
cljs$core$IComparable$_compare$arity$2:sca
cljs$core$ICounted$:Tja
cljs$core$ICounted$_count$arity$1:L_
cljs$core$IDeref$:bfa
cljs$core$IDeref$_deref$arity$1:Kaa
cljs$core$IDrop$:upa
cljs$core$IDrop$_drop$arity$2:cda
cljs$core$IEditableCollection$:Vha
cljs$core$IEditableCollection$_as_transient$arity$1:qea
cljs$core$IEmptyableCollection$:tma
cljs$core$IEmptyableCollection$_empty$arity$1:aaa
cljs$core$IEncodeJS$:Ada
cljs$core$IEncodeJS$_clj__GT_js$arity$1:Mda
cljs$core$IEquiv$_equiv$arity$2:x_
cljs$core$IFind$:dda
cljs$core$IFind$_find$arity$2:Tca
cljs$core$IFn$:uma
cljs$core$IFn$_invoke$arity$0:f_
cljs$core$IFn$_invoke$arity$1:b_
cljs$core$IFn$_invoke$arity$10:$aa
cljs$core$IFn$_invoke$arity$11:aba
cljs$core$IFn$_invoke$arity$12:bba
cljs$core$IFn$_invoke$arity$13:cba
cljs$core$IFn$_invoke$arity$14:dba
cljs$core$IFn$_invoke$arity$15:eba
cljs$core$IFn$_invoke$arity$16:fba
cljs$core$IFn$_invoke$arity$17:gba
cljs$core$IFn$_invoke$arity$18:hba
cljs$core$IFn$_invoke$arity$19:iba
cljs$core$IFn$_invoke$arity$2:a_
cljs$core$IFn$_invoke$arity$20:jba
cljs$core$IFn$_invoke$arity$21:Aca
cljs$core$IFn$_invoke$arity$3:c_
cljs$core$IFn$_invoke$arity$4:g_
cljs$core$IFn$_invoke$arity$5:s_
cljs$core$IFn$_invoke$arity$6:C_
cljs$core$IFn$_invoke$arity$7:qaa
cljs$core$IFn$_invoke$arity$8:Laa
cljs$core$IFn$_invoke$arity$9:kba
cljs$core$IFn$_invoke$arity$variadic:d_
cljs$core$IHash$:Wha
cljs$core$IHash$_hash$arity$1:D_
cljs$core$IIndexed$:Uja
cljs$core$IIndexed$_nth$arity$2:Q_
cljs$core$IIndexed$_nth$arity$3:iaa
cljs$core$IIterable$:vpa
cljs$core$IIterable$_iterator$arity$1:$_
cljs$core$IKVReduce$:vma
cljs$core$IKVReduce$_kv_reduce$arity$3:naa
cljs$core$IList$:wpa
cljs$core$ILookup$:wma
cljs$core$ILookup$_lookup$arity$2:N_
cljs$core$ILookup$_lookup$arity$3:z_
cljs$core$IMap$:xpa
cljs$core$IMap$_dissoc$arity$2:uaa
cljs$core$IMapEntry$:ypa
cljs$core$IMapEntry$_key$arity$1:dga
cljs$core$IMapEntry$_val$arity$1:Uca
cljs$core$IMeta$:cfa
cljs$core$IMeta$_meta$arity$1:t_
cljs$core$IMultiFn$_add_method$arity$3:j_
cljs$core$INamed$:Vja
cljs$core$INamed$_name$arity$1:rea
cljs$core$INamed$_namespace$arity$1:sea
cljs$core$INext$:dfa
cljs$core$INext$_next$arity$1:vaa
cljs$core$IPending$:zpa
cljs$core$IPending$_realized_QMARK_$arity$1:efa
cljs$core$IPrintWithWriter$:T_
cljs$core$IPrintWithWriter$_pr_writer$arity$3:v_
cljs$core$IRecord$:Apa
cljs$core$IReduce$:xma
cljs$core$IReduce$_reduce$arity$2:raa
cljs$core$IReduce$_reduce$arity$3:saa
cljs$core$IReset$_reset_BANG_$arity$2:tca
cljs$core$IReversible$:Bpa
cljs$core$IReversible$_rseq$arity$1:Bca
cljs$core$ISeq$:tea
cljs$core$ISeq$_first$arity$1:taa
cljs$core$ISeq$_rest$arity$1:Aaa
cljs$core$ISeqable$:Wja
cljs$core$ISeqable$_seq$arity$1:I_
cljs$core$ISequential$:Xja
cljs$core$ISet$:Cpa
cljs$core$ISet$_disjoin$arity$2:ega
cljs$core$IStack$_peek$arity$1:eda
cljs$core$IStack$_pop$arity$1:fda
cljs$core$ISwap$_swap_BANG_$arity$2:fga
cljs$core$ISwap$_swap_BANG_$arity$3:gga
cljs$core$ISwap$_swap_BANG_$arity$4:hga
cljs$core$ISwap$_swap_BANG_$arity$5:iga
cljs$core$ITransientAssociative$_assoc_BANG_$arity$3:Vca
cljs$core$ITransientCollection$_conj_BANG_$arity$2:uea
cljs$core$ITransientCollection$_persistent_BANG_$arity$1:ffa
cljs$core$ITransientMap$_dissoc_BANG_$arity$2:Xha
cljs$core$IUUID$:Yha
cljs$core$IVector$:Dpa
cljs$core$IVector$_assoc_n$arity$3:Cca
cljs$core$IVolatile$_vreset_BANG_$arity$2:jga
cljs$core$IWatchable$_add_watch$arity$3:gfa
cljs$core$IWatchable$_notify_watches$arity$3:hfa
cljs$core$IWatchable$_remove_watch$arity$2:ifa
cljs$core$IWithMeta$:Epa
cljs$core$IWithMeta$_with_meta$arity$2:u_
cljs$core$IWriter$_flush$arity$1:Dca
cljs$core$IWriter$_write$arity$2:Bda
cljs$core$Inst$:yma
cljs$core$Inst$inst_ms_STAR_$arity$1:Yja
cljs$lang$applyTo:p_
cljs$lang$ctorPrWriter:Fpa
cljs$lang$ctorStr:Zha
cljs$lang$maxFixedArity:k_
cljs$lang$protocol_mask$partition$:jca
cljs$lang$protocol_mask$partition0$:h_
cljs$lang$protocol_mask$partition1$:o_
cljs$lang$test:Gpa
cljs$lang$type:zma
cljs$pprint$IPrettyFlush$_ppflush$arity$1:$ha
cljs$spec$alpha$Spec$:Zja
cljs$spec$alpha$Spec$with_gen_STAR_$arity$2:aia
cljs$spec$alpha$Specize$specize_STAR_$arity$1:Nda
cljs$spec$alpha$Specize$specize_STAR_$arity$2:Oda
cljs$tools$reader$reader_types$IPushbackReader$unread$arity$2:$ja
cljs$tools$reader$reader_types$IndexingReader$:Hpa
cljs$tools$reader$reader_types$IndexingReader$get_column_number$arity$1:Ama
cljs$tools$reader$reader_types$IndexingReader$get_file_name$arity$1:Bma
cljs$tools$reader$reader_types$IndexingReader$get_line_number$arity$1:Cma
cljs$tools$reader$reader_types$Reader$peek_char$arity$1:jfa
cljs$tools$reader$reader_types$Reader$read_char$arity$1:Pda
clojure$core$protocols$Datafiable$datafy$arity$1:kca
clojure$test$check$random$IRandom$rand_double$arity$1:aka
clojure$test$check$random$IRandom$rand_long$arity$1:bia
clojure$test$check$random$IRandom$split$arity$1:bka
clojure$test$check$random$IRandom$split_n$arity$2:cka
cnt:q_
coll:kga
collision_hash:gda
com$cognitect$transit$equals:uca
com$cognitect$transit$hashCode:Eca
command:oba
comp:lca
concurrentLoadingEnabled_:dka
consecutiveFailures_:lga
continue_:eka
count_:Rba
cpred_QMARK_:fka
create_:Dma
curr_data:hda
days:Sba
dbuffer:ida
debugMode_:cia
decodeUnsafe:Ipa
decoder:Ema
def:vca
defaultHandler:dia
defaultScope_:gka
default_dispatch_val:Fma
default_schema:kfa
defaults:lfa
delegate_map:Fca
deps_:Gma
dispatch_fn:K_
dispatch_map:eia
disposeInternal:mca
disposed_:vea
document_:mfa
domain_:jda
done_nl:sba
earlyOnloadCallbacks_:Hma
edit:jaa
editable_QMARK_:Qda
encodedQuery_:nca
end_pos:E_
ensure_editable:kda
entry_parser:yaa
equals_QMARK_:Ima
errorDispatched_:fia
errorFn:mga
error_:nga
errors_max_pos:gia
eval_string_STAR_:Jma
eventHandler_:wea
eventTargetListeners_:lda
event_:xea
execute:Kma
executeCallbacks_:oga
executing_:hia
explicit_children:iia
ext_map_iter:hka
external_id:tba
extraEdges:Jpa
extraEdges_:ika
fempty:jia
fields:Rda
fills:Kpa
fin:pga
finder:Wca
fired_:yea
firstDayOfWeek_:zea
firstWeekCutOffDay_:Aea
flip_x:Caa
flip_y:Daa
fn_:qga
forceReload:Lpa
fork:Lma
fpred:Sda
fqn:r_
fragment:Hba
fragment_:Tda
frame_id:waa
fromUnsignedParts:kia
from_ast:rga
front:Dba
fseq:Bea
func:fca
function_checker:lia
gen:Tba
geometry_child:Uba
geometry_parent:Vba
getElement:Mma
getElementsByTagNameAndClass:Nma
getKeys:Uda
getListener:nfa
getResponseTexts:mia
getTypedStringValue:jka
getUnsignedParts:Oma
getUris:nia
getValues:Vda
gfn:oia
guard:Cea
hadError_:ofa
hadUnhandledRejection_:sga
handleError_:pia
handleEvent_:Pma
handleLoadTimeout_:Qma
handleSuccess_:qia
handlerForForeign:pfa
handler_:Wda
handlers:lba
hasPrefetched_:Rma
has_nil_QMARK_:Taa
hashCode:oaa
hash_map:Xca
head_:tga
helper_:Dea
hierarchy:uga
high_:V_
hours:Iba
id_:qfa
idx:zaa
ieProgId_:kka
ignoreCase_:wca
image_ids:lka
implementsGoogStringTypedString:mka
in$:Sma
inAbort_:Xda
inOpen_:ria
inSend_:vga
indent:pba
indexes:gca
initialModulesLoaded_:Tma
inode_assoc:Gca
inode_assoc_BANG_:Hca
inode_find:rfa
inode_lookup:Cda
inode_seq:sfa
inode_without:tfa
inode_without_BANG_:ufa
internal:mda
intra_block_nl:uba
isDisposed:nka
isDisposed_:oka
isReadOnly_:Uma
isUserActive:pka
isZero:Yda
is_source:vba
iter:Eea
keep:wga
keyMap_:Maa
keySet:Zda
key_schema:Fea
keys_:Gea
keyset:qka
kv_reduce:$da
lastActive_:rka
lastUri_:sia
last_data:Vma
last_order:Jba
last_was_whitespace_QMARK_:vfa
len:Ica
limit_:Wma
linked_map:nda
listen:wfa
listenOnce:ska
loadModules:Xma
loadModules_:xga
loadRequested:tka
loader_:yga
loadingModuleIds_:aea
loadingModulesStatus_:xca
logical_block:O_
logical_block_callback:wba
low_:caa
malli$core$AST$:kaa
malli$core$AST$_to_ast$arity$2:Eba
malli$core$Cached$:Uaa
malli$core$Cached$_cache$arity$1:Vaa
malli$core$DistributiveSchema$_distribute_to_children$arity$3:tia
malli$core$DistributiveSchema$_distributive_schema_QMARK_$arity$1:uia
malli$core$EntryParser$:uka
malli$core$EntryParser$_entry_children$arity$1:via
malli$core$EntryParser$_entry_entries$arity$1:wia
malli$core$EntryParser$_entry_forms$arity$1:xia
malli$core$EntryParser$_entry_keyset$arity$1:yia
malli$core$EntrySchema$:xfa
malli$core$EntrySchema$_entries$arity$1:bea
malli$core$EntrySchema$_entry_parser$arity$1:zga
malli$core$FunctionSchema$_function_info$arity$1:yfa
malli$core$FunctionSchema$_function_schema_QMARK_$arity$1:Aga
malli$core$FunctionSchema$_instrument_f$arity$4:Bga
malli$core$IntoSchema$:Waa
malli$core$IntoSchema$_into_schema$arity$4:Faa
malli$core$IntoSchema$_type$arity$1:Gaa
malli$core$IntoSchema$_type_properties$arity$1:Naa
malli$core$RefSchema$:Cga
malli$core$RefSchema$_deref$arity$1:zfa
malli$core$RefSchema$_ref$arity$1:Afa
malli$core$RegexSchema$_regex_explainer$arity$2:Hea
malli$core$RegexSchema$_regex_min_max$arity$2:Iea
malli$core$RegexSchema$_regex_op_QMARK_$arity$1:Jea
malli$core$RegexSchema$_regex_transformer$arity$4:Kea
malli$core$RegexSchema$_regex_validator$arity$1:Lea
malli$core$Schema$:Xaa
malli$core$Schema$_children$arity$1:laa
malli$core$Schema$_explainer$arity$2:Oaa
malli$core$Schema$_form$arity$1:Paa
malli$core$Schema$_options$arity$1:Haa
malli$core$Schema$_parent$arity$1:Yaa
malli$core$Schema$_properties$arity$1:Zaa
malli$core$Schema$_transformer$arity$4:Qaa
malli$core$Schema$_validator$arity$1:xaa
malli$core$Schema$_walk$arity$4:Raa
malli$core$Transformer$:vka
malli$core$Transformer$_transformer_chain$arity$1:zia
malli$core$Transformer$_value_transformer$arity$4:Aia
malli$core$Walker$_accept$arity$4:wka
malli$core$Walker$_inner$arity$4:xka
malli$core$Walker$_outer$arity$5:yka
malli$generator$Generator$_generator$arity$2:Yma
malli$impl$regex$ICache$ensure_cached_BANG_$arity$4:zka
malli$impl$regex$IExplanationDriver$fail_BANG_$arity$3:Aka
malli$impl$regex$IExplanationDriver$noncaching_park_explainer_BANG_$arity$6:Bia
malli$impl$regex$IExplanationDriver$park_explainer_BANG_$arity$6:Bka
malli$impl$regex$IExplanationDriver$value_path$arity$2:Cka
malli$impl$regex$IParseDriver$noncaching_park_transformer_BANG_$arity$7:Cia
malli$impl$regex$IParseDriver$park_transformer_BANG_$arity$7:Dka
malli$impl$regex$IValidationDriver$noncaching_park_validator_BANG_$arity$6:Bfa
malli$impl$regex$IValidationDriver$park_validator_BANG_$arity$6:Dia
malli$registry$Registry$:cea
malli$registry$Registry$_schema$arity$2:dea
malli$registry$Registry$_schemas$arity$1:eea
mapBuilder:yca
map__103705:Zma
map__94078:Dga
map__94604:$ma
map__94698:ana
map__94729:bna
map__94733:cna
map__94968:Ega
map__94979:dna
map__95022:Fga
map__95055:ena
map__95114:fna
map__95145:Gga
map__95209:Hga
map__95210:Iga
map__95236:Jga
map__95237:Kga
marshaller:gna
matches_QMARK_:Cfa
maxLevels:Dfa
maxObjects:Efa
max_columns:Eia
max_width:Eka
mbuffer:Dda
me$flowthing$pp$CountKeepingWriter$nl$arity$1:Fia
me$flowthing$pp$CountKeepingWriter$remaining$arity$1:Fka
me$flowthing$pp$CountKeepingWriter$write$arity$2:Gka
meta103707:hna
meta90285:ina
meta92107:jna
meta92475:kna
meta92488:lna
meta92513:mna
meta92548:nna
meta92586:ona
meta92652:pna
meta93710:qna
meta93883:rna
meta93906:sna
meta94081:Lga
meta94096:tna
meta94159:Mga
meta94183:una
meta94216:Nga
meta94227:vna
meta94251:Oga
meta94257:wna
meta94372:Pga
meta94461:xna
meta94513:Qga
meta94525:yna
meta94591:Rga
meta94616:zna
meta94688:Sga
meta94706:Ana
meta94726:Tga
meta94742:Bna
meta94782:Uga
meta94785:Cna
meta94827:Vga
meta94831:Dna
meta94845:Wga
meta94856:Ena
meta94866:Xga
meta94872:Fna
meta94902:Yga
meta94914:Gna
meta94932:Zga
meta94939:Hna
meta94970:$ga
meta94991:Ina
meta95029:aha
meta95033:Jna
meta95049:bha
meta95062:Kna
meta95106:cha
meta95116:Lna
meta95147:dha
meta95160:Mna
meta95212:eha
meta95217:Nna
meta95239:fha
meta95242:Ona
meta95331:Pna
meta96151:Qna
meta96932:Rna
meta97263:Sna
meta97274:Tna
meta97489:Una
meta97642:Vna
meta98581:Wna
meta98727:Xna
meta99007:Yna
meta99220:Zna
meta99340:$na
meta99654:aoa
meta99660:boa
meta99666:coa
meta99672:doa
method_cache:gha
method_table:hha
minutes:Kba
miser_width:eoa
modified:iha
modified_at:faa
moduleContext_:Hka
moduleInfoMap:Jca
moduleName:foa
module_:Mea
months:Lba
more:Kca
mseq:baa
multi:goa
next_entry:Ffa
next_iter:Lca
nil_val:mba
obj:Gia
objectBuilder:Ika
occupants_:jha
omap:Jka
onCancelFunction_:Kka
onDisposeCallbacks_:oda
onErrorCallbacks_:Lka
onFulfilled:Gfa
onProgressHandler_:Mka
onReadyStateChangeEntryPoint_:hoa
onReadyStateChange_:Nka
onRejected:Nea
onSuccess:Mpa
onTimeout:Npa
on_change:kha
on_change_STAR_:lha
onloadCallbacks_:Oka
opts:R_
opts_SINGLEQUOTE_:ioa
p__103704:joa
p__94603:koa
p__94697:loa
p__94728:moa
p__94850:noa
p__94967:mha
p__94974:ooa
p__94975:poa
p__95021:nha
p__95054:qoa
p__95113:roa
p__95143:oha
p__95208:pha
p__95235:qha
params:w_
parentEventTarget_:Hia
parent_:hca
parent_id:Baa
parser:Hfa
path_:Yca
per_line_prefix:xba
port_:Oea
pos:oca
potok$v2$core$EffectEvent$:soa
potok$v2$core$EffectEvent$effect$arity$3:Pka
potok$v2$core$Event$:rha
potok$v2$core$Event$_type$arity$1:sha
potok$v2$core$UpdateEvent$:Opa
potok$v2$core$UpdateEvent$update$arity$2:toa
potok$v2$core$WatchEvent$:Ppa
potok$v2$core$WatchEvent$watch$arity$3:uoa
pred:Mca
pred_QMARK_:Eda
preferBuffers:Iia
preferStrings:tha
prefer_table:voa
prev_seed:Jia
privateDoNotAccessOrElseSafeScriptWrappedValue_:Kia
privateDoNotAccessOrElseTrustedResourceUrlWrappedValue_:Lia
progressEventsEnabled_:woa
promesa$protocols$ICancellable$_cancelled_QMARK_$arity$1:Qka
promesa$protocols$ICompletable$_reject_BANG_$arity$2:Rka
promesa$protocols$ICompletable$_resolve_BANG_$arity$2:Ska
promesa$protocols$IExecutor$:Tka
promesa$protocols$IExecutor$_exec_BANG_$arity$2:Mia
promesa$protocols$IPromise$:xoa
promesa$protocols$IPromise$_fmap$arity$2:Uka
promesa$protocols$IPromise$_fmap$arity$3:Vka
promesa$protocols$IPromise$_fnly$arity$2:Wka
promesa$protocols$IPromise$_fnly$arity$3:Xka
promesa$protocols$IPromise$_merr$arity$2:Yka
promesa$protocols$IPromise$_merr$arity$3:Zka
promesa$protocols$IPromise$_then$arity$2:$ka
promesa$protocols$IPromise$_then$arity$3:ala
promesa$protocols$IPromiseFactory$_promise$arity$1:uha
promesa$protocols$IScheduler$_schedule_BANG_$arity$3:bla
promesa$protocols$IState$_pending_QMARK_$arity$1:cla
promesa$protocols$IState$_rejected_QMARK_$arity$1:dla
propagationStopped_:Ifa
properties:A_
property:Qpa
property_pred:Fda
queryData_:Nca
rdr:ela
re_explainer:Wba
re_min_max:Xba
re_parser:pda
re_transformer:Yba
re_unparser:qda
re_validator:Zba
rear:$ba
record:yoa
redden:Jfa
registerCallback:Nia
registerCallback_:vha
registries:Oia
regs:zoa
relative_to:ica
removeAll:Pia
removed:Kfa
rep_fn:wha
requestUris:fla
requestedLoadingModuleIds_:rda
requestedModuleIdsQueue_:aca
requestedModuleIds_:xha
reset_:Aoa
responseTexts:Qia
responseTexts_:yha
responseType_:gla
result_:sda
riter:Lfa
root_iter:hla
s_len:ila
s_pos:Pea
schema:Y_
scheme_:Gda
script_:jla
seconds:Mba
section:yba
selector:kla
selrect:gaa
sem:lla
sequence_:zha
setIgnoreCase:Ria
sets:U_
silentlyCanceled_:Sia
sourceIter:Tia
sourceUrlInjection_:Uia
srccache:Via
start_col:qba
start_pos:F_
state_:Oca
str:Fba
str_rep_fn:Mfa
structure_child:bca
structure_parent:cca
success:Pca
successFn:dca
suffix:zba
superClass_:tda
supportsExtraEdges:Rpa
svg_defs:Boa
sym:fea
tag_fn:Aha
temp__5823__auto__:Coa
themes:Eaa
thenCatch:Doa
timeoutId_:Bha
timeoutInterval_:Wia
timeout_:Nfa
toBase62:Spa
toIsoString:Ofa
to_ast:gea
token:Eoa
tokens:Qca
trailing_white_space:pca
transform_inverse:S_
transient_map:hea
tree:Zca
tree_map:Rca
trustToken_:Xia
trustedRequestUris:Cha
typeCount_:Pfa
type_properties:Gba
type_tag:G_
unblockAndFulfill_:Foa
unblockAndReject_:Goa
unc:mla
unhandledErrorId_:Dha
unlisten:Yia
unmarshaller:Hoa
unpack:Eha
unparse:Ioa
update_fn:Qfa
update_key:Joa
uris_:iea
useScriptTags_:Zia
useXhr2Timeout_:$ia
user:Nba
userInfo_:jea
userInitiatedLoadingModuleIds_:Rfa
userLastActive_:nla
uuid:qca
val:l_
validate_limits:eca
validator:Koa
vals:Fha
value_schema:Qea
vec:rba
vec__94450:Loa
vec__94701:Moa
vec__94734:Noa
vec__94852:Ooa
vec__94907:Poa
vec__94976:Qoa
vec__95056:Roa
vec__95153:Soa
vector:Iaa
verbose:Sfa
verbose_handler_fn:Tfa
watches:Saa
withCredentials_:ola
workHead_:Rea
workTail_:Gha
xform:Hha
xhrOptions_:Iha
xhr_:Z_
xmlHttpFactory_:Jha
years:Oba
